// Jest Snapshot v1, https://goo.gl/fbAQLP

exports[`<Form /> renders the <Form /> with an error 1`] = `
<div
  class="sc-bdnylx cVIkYd"
>
  <div
    class="sc-dlnjPT heRIPb"
  >
    Your email address is already being used
  </div>
  <button
    class="sc-fujyUd iWLnSv"
    type="submit"
  >
    Sign In
  </button>
</div>
`;

exports[`<Form /> renders the <Form /> with populated data 1`] = `
<div
  class="sc-bdnylx cVIkYd"
>
  <h1
    class="sc-hKFyIo bymveG"
  >
    Sign In Now
  </h1>
  <form
    class="sc-gtssRu bxnIcj"
  >
    <input
      class="sc-iCoHVE kpkjSY"
      placeholder="Email address"
    />
    <input
      class="sc-iCoHVE kpkjSY"
      placeholder="Password"
      type="password"
    />
    <button
      class="sc-fujyUd iWLnSv"
      disabled=""
      type="submit"
    >
      Sign In
    </button>
  </form>
  <p
    class="sc-eCApGN leFVTS"
  >
    New to Netflix? 
  </p>
  <p
    class="sc-jSFkmK bSSrXF"
  >
    This page is protected by Google reCAPTCHA to ensure you're not a bot. Learn more.
  </p>
</div>
`;
